20:57:47 [info] Processo iniciado — sessao
20:57:48 [info] Iniciando publicação de Sessão (pasta)...
20:57:48 [info] [INFO] 75 sessao(oes) na pasta C:\Downloads\novatembo\Pautas e Atas das Sessões Arquivos - Câmara Municipal de Nova Timboteua
20:57:48 [info] [INFO] Planilha: C:\Downloads\novatembo\Pautas e Atas das Sessões Arquivos - Câmara Municipal de Nova Timboteua\Sessoes.xlsx (75 linhas)
20:57:48 [info] [INFO] Modo teste: 1 sessao.
20:57:48 [info] ============================================================
20:57:48 [info]   PUBLICACAO DE SESSAO — portal CR2
20:57:48 [info]   Total: 1
20:57:48 [info]   Pasta: C:\Downloads\novatembo\Pautas e Atas das Sessões Arquivos - Câmara Municipal de Nova Timboteua
20:57:48 [info]   URL: https://www.portalcr2.com.br/sessoes/sessoes-cm-nova-timboteua
20:57:48 [info]   Ritmo: Criar Publicação → Cadastrar Sessão → Publicar
20:57:48 [info] ============================================================
20:57:48 [info] [INFO] Abrindo Opera: C:\Users\tobia\AppData\Local\Programs\Opera GX\opera.exe
20:57:53 [info] [INFO] Carregando login...
20:58:09 [info] [INFO] Formulario de login enviado.
20:58:11 [info] [INFO] Carregando Sessao...
20:58:12 [info] [INFO] URL atual: https://www.portalcr2.com.br/sessoes/sessoes-cm-nova-timboteua
20:58:13 [info] [INFO] Botao Criar Publicacao visivel.
20:58:13 [info] [-> SESSAO] [1/1] Ordinária | 25/02/2021 | 1ª Sessão Ordinária
20:58:16 [info]     Tipo (select): Ordinária
20:58:20 [info]     Data (CSS placeholder): 25/02/2021
20:58:39 [info]     Numero (placeholder): 1ª Sessão Ordinária
20:58:39 [info]     Anexos a subir: Pauta, Ata
20:58:40 [info]     Upload Pauta: Pauta.pdf
20:58:40 [info]     Aguardando confirmacao do upload (Pauta.pdf)...
20:58:41 [info]     Upload confirmado (arquivo na UI).
20:58:42 [info]     Upload Ata: Ata.pdf
20:58:42 [info]     Aguardando confirmacao do upload (Ata.pdf)...
20:58:43 [info]     Upload confirmado (arquivo na UI).
20:59:54 [error]     [ERRO] Sem confirmacao apos Publicar (55s). Ultimo texto: Cadastrar Sessão + Cadastrar Link Externo Selecione Audiência Pública Especial Extraordinária Itinerante Ordinária Preparatória Solene Tribuna Popular Declaração: não houve sessão Tipo * Não houve pub
21:00:07 [info] ============================================================
21:00:07 [ok]   CONCLUIDO! OK: 0 | Erros: 1 | Total: 1
21:00:07 [info] ============================================================
21:00:07 [error] Publicacao de sessao com 1 erro(s).
21:00:07 [info] — fim —
