21:02:41 [info] Processo iniciado — sessao
21:02:41 [info] Iniciando publicação de Sessão (pasta)...
21:02:42 [info] [INFO] 75 sessao(oes) na pasta C:\Downloads\novatembo\Pautas e Atas das Sessões Arquivos - Câmara Municipal de Nova Timboteua
21:02:42 [info] [INFO] Planilha: C:\Downloads\novatembo\Pautas e Atas das Sessões Arquivos - Câmara Municipal de Nova Timboteua\Sessoes.xlsx (75 linhas)
21:02:42 [info] [INFO] Modo teste: 1 sessao.
21:02:42 [info] ============================================================
21:02:42 [info]   PUBLICACAO DE SESSAO — portal CR2
21:02:42 [info]   Total: 1
21:02:42 [info]   Pasta: C:\Downloads\novatembo\Pautas e Atas das Sessões Arquivos - Câmara Municipal de Nova Timboteua
21:02:42 [info]   URL: https://www.portalcr2.com.br/sessoes/sessoes-cm-nova-timboteua
21:02:42 [info]   Ritmo: Criar Publicação → Cadastrar Sessão → Publicar
21:02:42 [info] ============================================================
21:02:42 [info] [INFO] Abrindo Opera: C:\Users\tobia\AppData\Local\Programs\Opera GX\opera.exe
21:02:47 [info] [INFO] Carregando login...
21:03:03 [info] [INFO] Formulario de login enviado.
21:03:05 [info] [INFO] Carregando Sessao...
21:03:06 [info] [INFO] URL atual: https://www.portalcr2.com.br/sessoes/sessoes-cm-nova-timboteua
21:03:06 [info] [INFO] Botao Criar Publicacao visivel.
21:03:06 [info] [-> SESSAO] [1/1] Ordinária | 25/02/2021 | 1ª Sessão Ordinária
21:03:08 [info]     Tipo (select): Ordinária
21:03:08 [info]     Data (CSS placeholder): 25/02/2021
21:03:28 [info]     Numero (placeholder): 1ª Sessão Ordinária
21:03:28 [info]     Anexos a subir: Pauta, Ata
21:03:28 [info]     Upload Pauta: Pauta.pdf
21:03:28 [info]     Aguardando confirmacao do upload (Pauta.pdf)...
21:03:29 [info]     Upload confirmado (arquivo na UI).
21:03:31 [info]     Upload Ata: Ata.pdf
21:03:31 [info]     Aguardando confirmacao do upload (Ata.pdf)...
21:03:31 [info]     Upload confirmado (arquivo na UI).
21:03:33 [info]     Clicou em Publicar.
21:04:22 [warn] Cancelamento solicitado — parando a fila deste processo...
21:04:28 [error]     [ERRO] Sem confirmacao apos Publicar (55s). Ultimo texto: Cadastrar Sessão+ Cadastrar Link ExternoSelecioneAudiência PúblicaEspecialExtraordináriaItineranteOrdináriaPreparatóriaSoleneTribuna PopularDeclaração: não houve sessãoTipo *Não houve publicaçõesData 
