20:28:28 [info] Processo iniciado — sessao
20:28:28 [info] Iniciando publicação de Sessão (pasta)...
20:28:28 [info] [INFO] 75 sessao(oes) na pasta C:\Downloads\novatembo\Pautas e Atas das Sessões Arquivos - Câmara Municipal de Nova Timboteua
20:28:28 [info] [INFO] Planilha: C:\Downloads\novatembo\Pautas e Atas das Sessões Arquivos - Câmara Municipal de Nova Timboteua\Sessoes.xlsx (75 linhas)
20:28:28 [info] [INFO] Modo teste: 1 sessao.
20:28:28 [info] ============================================================
20:28:28 [info]   PUBLICACAO DE SESSAO — portal CR2
20:28:28 [info]   Total: 1
20:28:28 [info]   Pasta: C:\Downloads\novatembo\Pautas e Atas das Sessões Arquivos - Câmara Municipal de Nova Timboteua
20:28:28 [info]   URL: https://www.portalcr2.com.br/sessoes/sessoes-cm-nova-timboteua
20:28:28 [info]   Ritmo: Criar Publicação → Cadastrar Sessão → Publicar
20:28:28 [info] ============================================================
20:28:28 [info] [INFO] Abrindo Opera: C:\Users\tobia\AppData\Local\Programs\Opera GX\opera.exe
20:28:34 [info] [INFO] Carregando login...
20:28:50 [info] [INFO] Formulario de login enviado.
20:28:51 [info] [INFO] Carregando Sessao...
20:28:53 [info] [INFO] URL atual: https://www.portalcr2.com.br/sessoes/sessoes-cm-nova-timboteua
20:28:54 [info] [INFO] Botao Criar Publicacao visivel.
20:28:54 [info] [-> SESSAO] [1/1] Ordinária | 08/08/2019 | 12ª Sessão Ordinária
20:28:58 [info]     Tipo (select): Ordinária
20:29:08 [error]     [ERRO] Campo Data nao encontrado
20:29:17 [info] ============================================================
20:29:17 [ok]   CONCLUIDO! OK: 0 | Erros: 1 | Total: 1
20:29:17 [info] ============================================================
20:29:17 [error] Publicacao de sessao com 1 erro(s).
20:29:17 [info] — fim —
