20:32:59 [info] Processo iniciado — sessao
20:32:59 [info] Iniciando publicação de Sessão (pasta)...
20:32:59 [info] [INFO] 75 sessao(oes) na pasta C:\Downloads\novatembo\Pautas e Atas das Sessões Arquivos - Câmara Municipal de Nova Timboteua
20:32:59 [info] [INFO] Planilha: C:\Downloads\novatembo\Pautas e Atas das Sessões Arquivos - Câmara Municipal de Nova Timboteua\Sessoes.xlsx (75 linhas)
20:32:59 [info] [INFO] Modo teste: 1 sessao.
20:32:59 [info] ============================================================
20:32:59 [info]   PUBLICACAO DE SESSAO — portal CR2
20:32:59 [info]   Total: 1
20:32:59 [info]   Pasta: C:\Downloads\novatembo\Pautas e Atas das Sessões Arquivos - Câmara Municipal de Nova Timboteua
20:32:59 [info]   URL: https://www.portalcr2.com.br/sessoes/sessoes-cm-nova-timboteua
20:32:59 [info]   Ritmo: Criar Publicação → Cadastrar Sessão → Publicar
20:32:59 [info] ============================================================
20:32:59 [info] [INFO] Abrindo Opera: C:\Users\tobia\AppData\Local\Programs\Opera GX\opera.exe
20:33:05 [info] [INFO] Carregando login...
20:33:21 [info] [INFO] Formulario de login enviado.
20:33:22 [info] [INFO] Carregando Sessao...
20:33:25 [info] [INFO] URL atual: https://www.portalcr2.com.br/sessoes/sessoes-cm-nova-timboteua
20:33:25 [info] [INFO] Botao Criar Publicacao visivel.
20:33:25 [info] [-> SESSAO] [1/1] Ordinária | 08/08/2019 | 12ª Sessão Ordinária
20:33:28 [info]     Tipo (select): Ordinária
20:33:32 [info]     Data (CSS placeholder): 08/08/2019
20:33:51 [info]     Numero (placeholder): 12ª Sessão Ordinária
20:33:51 [info]     [INFO] Arquivo omitido (Pauta)
20:33:55 [info]     Upload Ata: Ata.pdf
20:33:55 [info]     Aguardando confirmacao do upload (Ata.pdf)...
20:33:57 [info]     Upload confirmado (arquivo na UI).
20:33:57 [info]     [INFO] Arquivo omitido (Lista de Presença)
20:33:57 [info]     [INFO] Arquivo omitido (Votações Nominais (arquivo))
20:35:08 [error]     [ERRO] Sem confirmacao apos Publicar (55s). Ultimo texto: Cadastrar Sessão + Cadastrar Link Externo Selecione Audiência Pública Especial Extraordinária Itinerante Ordinária Preparatória Solene Tribuna Popular Declaração: não houve sessão Tipo * Não houve pub
20:35:21 [info] ============================================================
20:35:21 [ok]   CONCLUIDO! OK: 0 | Erros: 1 | Total: 1
20:35:21 [info] ============================================================
20:35:21 [error] Publicacao de sessao com 1 erro(s).
20:35:21 [info] — fim —
